MemTotal:        4045624 kB
MemFree:         2394724 kB
MemAvailable:    2909260 kB
Buffers:           61004 kB
Cached:           634688 kB
SwapCached:            0 kB
Active:           991416 kB
Inactive:         455260 kB
Active(anon):     751716 kB
Inactive(anon):    10220 kB
Active(file):     239700 kB
Inactive(file):   445040 kB
Unevictable:          16 kB
Mlocked:              16 kB
SwapTotal:       2097148 kB
SwapFree:        2097148 kB
Dirty:               260 kB
Writeback:             0 kB
AnonPages:        751044 kB
Mapped:           286540 kB
Shmem:             10960 kB
Slab:             107764 kB
SReclaimable:      65848 kB
SUnreclaim:        41916 kB
KernelStack:        7616 kB
PageTables:        38448 kB
NFS_Unstable:          0 kB
Bounce:                0 kB
WritebackTmp:          0 kB
CommitLimit:     4119960 kB
Committed_AS:    4272440 kB
VmallocTotal:   34359738367 kB
VmallocUsed:           0 kB
VmallocChunk:          0 kB
HardwareCorrupted:     0 kB
AnonHugePages:         0 kB
ShmemHugePages:        0 kB
ShmemPmdMapped:        0 kB
CmaTotal:              0 kB
CmaFree:               0 kB
HugePages_Total:       0
HugePages_Free:        0
HugePages_Rsvd:        0
HugePages_Surp:        0
Hugepagesize:       2048 kB
DirectMap4k:      112576 kB
DirectMap2M:     4081664 kB
